// Jest Snapshot v1, https://goo.gl/fbAQLP

exports[`command handler 1`] = `"{"response_type":"in_channel","text":"Fertigstellungsanzeige angefragt","blocks":[{"type":"section","text":{"type":"mrkdwn","text":"Ich erstelle dir gerne eine Fertigstellungsanzeige. Wähle dazu bitte rechts das gewünschte Projekt aus und ich mache mich sofort an die Arbeit."},"accessory":{"type":"static_select","action_id":"COMPLETION_NOTICE","placeholder":{"type":"plain_text","text":"Projekt auswählen...","emoji":true},"options":[{"value":"1","text":{"type":"plain_text","text":"Project One","emoji":true}},{"value":"3","text":{"type":"plain_text","text":"Should be filtered out becouse if missing order number","emoji":true}},{"value":"4","text":{"type":"plain_text","text":"Project Four","emoji":true}}]}}]}"`;

exports[`respond when loads no projects 1`] = `"{"response_type":"in_channel","text":"Konnte keine projekte finden."}"`;
